// Jest Snapshot v1, https://goo.gl/fbAQLP

exports[`Register takes a snapshot of email 1`] = `ShallowWrapper {}`;

exports[`Register takes a snapshot of name 1`] = `ShallowWrapper {}`;

exports[`Register takes a snapshot of password 1`] = `ShallowWrapper {}`;

exports[`Register takes a snapshot of register title 1`] = `ShallowWrapper {}`;

exports[`Register takes a snapshot of submit button 1`] = `ShallowWrapper {}`;

exports[`Register takes snapshot of redirect button 1`] = `ShallowWrapper {}`;
